  ADDR B1 B2 B3 B4 thrass11.tmp                                     PAGE       1

                   * Dado un numero entero sin signo de 8 bits, informar:
                   * centenas, decenas y unidades en tres posiciones de memoria

                   ;Etiquetas              ;Comando        ;Operando       ;
.                  Comentario

                   ; Declaracion de Constantes
                   RAM                     EQU             $0000
                   ROM                     EQU             $8000

                   ; Declaracion de Variables
                                           ORG             RAM
                   NUMERO                  RMB             1               ;
.                  Numero entero sin signo de 8 bits
                   CENTENA                 RMB             1
                   DECENA                  RMB             1
                   UNIDAD                  RMB             1

                   ; Codigo
                                           ORG             ROM
  8000 4F                                  CLRA                            ; A =
.                  0
  8001 D6 00                               LDAB            NUMERO          ; B =
.                  NUMERO (8 BITS)
                                                                           ; D =
.                  00 NUMERO
  8003 CE 00 0A                            LDX             #10             ; X =
.                  10
  8006 02                                  IDIV                            ; D/
.                  X->X (CEN Y DEC), R->D (B = UNIDAD)
  8007 D7 03                               STAB            UNIDAD
  8009 8F                                  XGDX                            ; X->
.                  D, D->X
  800A CE 00 0A                            LDX             #10             ; X =
.                  10
  800D 02                                  IDIV                            ; D/
.                  X->X (CENTENA), R->D (B = DECENA)
  800E D7 02                               STAB            DECENA
  8010 8F                                  XGDX                            ; X->
.                  D (B = CENTENA), D->X
  8011 D7 01                               STAB            CENTENA
  8013 20 FE       FIN                     BRA             FIN

                   ; Inicializacion Variable/s
                                           ORG             NUMERO
  0000 0C                                  DB              12              ;
.                  RANGO: 0 A 255 (numero entero sin signo de 8 bits)

  Symbol Table 

  RAM                0000
  NUMERO             0000
  DECENA             0002
  UNIDAD             0003
  CENTENA            0001
  FIN                8013
  ROM                8000
