  ADDR B1 B2 B3 B4 C:\Users\Nicolas\Documents\UNLaM\Ingenieria en   PAGE       1

                   ; 09-Tipo_Examen_DecMilUnidMilCentDecUnid(con_BUCLE)

                   ; Tomo un nmero de 16 bits y lo guardo

                   ; Declaro constantes
                   RAM                     EQU             $0000
                   ROM                     EQU             $8000

                   ; Declaro variables
                                           ORG             RAM
                   NUMERO                  RMB             2
                   DEC_MIL                 RMB             1
                   UNI_MIL                 RMB             1
                   CENTENA                 RMB             1
                   DECENA                  RMB             1
                   UNIDAD                  RMB             1

                   ; Codigo
                                           ORG             ROM
  8000 DC 00                               LDD             NUMERO
  8002 18 CE 00 06                         LDY             #UNIDAD         ; Y=
.                  DIR UNIDAD
  8006 CE 00 0A    BUCLE                   LDX             #0010
  8009 02                                  IDIV                            ; D/
.                  X->X , r->D (B=DIGITO)
  800A 18 E7 00                            STAB            0,Y
  800D 8F                                  XGDX                            ; X->
.                  D , D->X
  800E 18 09                               DEY                             ; Y-
.                  1->Y
  8010 18 8C 00 02                         CPY             #(DEC_MIL)      ; Y-
.                  DEC_MIL. SI SON IGUALES Z=1, SINO Z=0.
  8014 26 F0                               BNE             BUCLE           ; IF
.                  (Z=0)
  8016 18 E7 00                            STAB            0,Y
  8019 20 FE       FIN                     BRA             FIN

                   ; Inicializo variables
                                           ORG             NUMERO
  0000 4F E8                               FDB             20456           ;
.                  RANGO: 0 A 65535
  0002 00 00 00 00                         DB              0,0,0,0,0       ;
. 0006 00          PARA INICIALIZAR EN CERO VARIABLES (DEC_MIL A UNIDAD)







  Symbol Table 

  DEC_MIL            0002
  RAM                0000
  NUMERO             0000
  DECENA             0005
  UNI_MIL            0003
  UNIDAD             0006
  BUCLE              8006
  CENTENA            0004
  FIN                8019
  ROM                8000
