  ADDR B1 B2 B3 B4 C:\Users\Nicolas\Documents\UNLaM\Ingenieria en   PAGE       1

                   ; 23-Tipo_Examen_Convertir_Numero_de_BIN_a_DEC(16BITS)
                   ; Archivo: Arquitectura de computadoras - Parcial_02.jpg
                   ; Se desea convertir a decimal un numero binario de 16 bits
.                  almacenado en la posicion de memoria $0000 Y $0001.
                   ; El resultado debe quedar almacenado de la siguiente forma:
                   ; Posicion $0010 = DECENA DE MIL
                   ; Posicion $0011 = UNIDAD DE MIL
                   ; Posicion $0012 = CENTENA
                   ; Posicion $0013 = DECENA
                   ; Posicion $0014 = UNIDAD


                   DIR_NUM_BIN     EQU             $0000
                   DIR_NUM_DEC     EQU             $0010
                   ROM             EQU             $8000


                                   ORG             DIR_NUM_BIN
                   NUM_BIN         RMB             2
                                   ORG             DIR_NUM_DEC
                   DEC_DE_MIL      RMB             1
                   UNI_DE_MIL      RMB             1
                   CENTENA         RMB             1
                   DECENA          RMB             1
                   UNIDAD          RMB             1

                                   ORG             ROM
  8000 18 CE 00 14                 LDY             #UNIDAD
  8004 DC 00                       LDD             NUM_BIN
  8006 CE 00 0A    BUCLE           LDX             #10
  8009 02                          IDIV
  800A 18 E7 00                    STAB            0,Y
  800D 8F                          XGDX
  800E 18 09                       DEY
  8010 18 8C 00 10                 CPY             #DEC_DE_MIL
  8014 26 F0                       BNE             BUCLE
  8016 18 E7 00                    STAB            0,Y
  8019 20 FE       FIN             BRA             FIN


                   ;INICIALIZACION VARIABLE
                                   ORG             NUM_BIN
  0000 FF 98                       DW              65432                   ;
.                  ENTRE 0 Y 65535


  Symbol Table 

  DEC_DE_MIL         0010
  UNI_DE_MIL         0011
  DIR_NUM_DEC        0010
  DECENA             0013
  UNIDAD             0014
  BUCLE              8006
  CENTENA            0012
  FIN                8019
  DIR_NUM_BIN        0000
  NUM_BIN            0000
  ROM                8000
